{
  "workflowRunCount" : 1,
  "studies" : [ "OCT" ],
  "sequencerRuns" : [ "180507_M00753_0046_000000000-D3T43" ],
  "lanes" : [ "180507_M00753_0046_000000000-D3T43_lane_1" ],
  "samples" : [ "OCT_010064_Ly_R_PE_505_EX", "OCT_010118_Ly_R_PE_537_EX", "OCT_010128_Ly_R_PE_519_EX", "OCT_010137_Ly_R_PE_513_EX", "OCT_010137_Ov_P_PE_332_WT", "OCT_010192_Fa_M_PE_330_WT", "OCT_010192_Ly_R_PE_511_EX", "OCT_010208_Ly_R_PE_508_EX", "OCT_010213_Ly_R_PE_526_EX", "OCT_010215_Ly_R_PE_519_EX", "OCT_010248_Ly_R_PE_536_EX", "OCT_010248_Ut_P_PE_297_WT", "OCT_010263_Ly_R_PE_530_EX", "OCT_010263_Ov_P_PE_295_WT", "OCT_010266_Ly_R_PE_524_EX", "OCT_010266_Ov_P_PE_280_WT", "OCT_010268_Ov_P_PE_292_WT", "OCT_010296_Ut_M_PE_282_WT", "OCT_010300_Ln_M_PE_290_WT", "OCT_010300_Ly_R_PE_527_EX", "OCT_010312_Ly_R_PE_534_EX", "OCT_010319_Ly_R_PE_530_EX", "OCT_010341_Ly_R_PE_525_EX", "OCT_010343_Ly_R_PE_542_EX", "OCT_010343_Om_M_PE_409_EX", "OCT_010356_Ly_R_PE_536_EX", "OCT_010356_Ov_P_PE_393_EX", "OCT_010357_Ly_R_PE_482_EX", "OCT_010370_Ly_R_PE_550_EX", "OCT_010370_Ov_P_PE_371_EX", "OCT_010375_Ly_R_PE_494_EX", "OCT_010375_Om_M_PE_349_EX", "OCT_010382_Fa_P_PE_365_EX", "OCT_010382_Ly_R_PE_526_EX", "OCT_010384_Ly_R_PE_522_EX", "OCT_010384_Ov_P_PE_369_EX", "OCT_010387_Ce_P_PE_388_EX", "OCT_010387_Ly_R_PE_504_EX", "OCT_010396_Ly_R_PE_538_EX", "OCT_010396_Ov_P_PE_398_EX", "OCT_010399_Ly_R_PE_530_EX", "OCT_010399_Ut_P_PE_386_EX", "OCT_010405_Ly_R_PE_526_EX", "OCT_010406_Ly_R_PE_529_EX", "OCT_010406_Om_M_PE_382_EX", "OCT_010418_Ly_R_PE_526_EX", "OCT_010418_So_M_PE_402_EX", "OCT_010430_Ly_R_PE_523_EX", "OCT_010430_Ov_P_PE_407_EX", "OCT_010433_Ly_R_PE_516_EX", "OCT_010433_Ov_P_PE_395_EX", "OCT_010436_Ly_R_PE_518_EX", "OCT_010436_Om_M_PE_435_EX", "OCT_010438_Ov_P_PE_307_EX", "OCT_010490_Ov_P_PE_412_EX", "OCT_010500_So_P_PE_414_EX", "OCT_010507_Br_P_PE_391_EX", "OCT_010545_Br_P_PE_311_EX", "OCT_010550_Pa_P_PE_375_EX", "OCT_050003_Cr_P_PE_327_EX", "OCT_050003_Ly_R_PE_515_EX" ],
  "workflows" : [ ],
  "processingAlgorithms" : [ ],
  "fileMetaTypes" : [ ],
  "maxInputFiles" : 0,
  "minInputFiles" : 0,
  "totalInputFiles" : 0,
  "workflowRuns" : [ {
    "workflowIni" : {
      "called_bases" : "/oicr/data/archive/m753/180507_M00753_0046_000000000-D3T43/Data/Intensities/BaseCalls/",
      "flowcell" : "180507_M00753_0046_000000000-D3T43",
      "intensity_folder" : "/oicr/data/archive/m753/180507_M00753_0046_000000000-D3T43/Data/Intensities/",
      "lanes" : "1,LANE_IUS_SWID:CCGAAGTA,SAMPLE_IUS_SWID,OCT_010064_Ly_R_PE_505_EX,180423+AGTACAAG,SAMPLE_IUS_SWID,OCT_010118_Ly_R_PE_537_EX,180416+ACATTGGC,SAMPLE_IUS_SWID,OCT_010128_Ly_R_PE_519_EX,180416+ATTGAGGA,SAMPLE_IUS_SWID,OCT_010137_Ly_R_PE_513_EX,180416+TTAGGCAT,SAMPLE_IUS_SWID,OCT_010137_Ov_P_PE_332_WT,180423+GATCAGAT,SAMPLE_IUS_SWID,OCT_010192_Fa_M_PE_330_WT,180423+GTCGTAGA,SAMPLE_IUS_SWID,OCT_010192_Ly_R_PE_511_EX,180416+AGAGTCAA,SAMPLE_IUS_SWID,OCT_010208_Ly_R_PE_508_EX,180416+CCGACAAC,SAMPLE_IUS_SWID,OCT_010213_Ly_R_PE_526_EX,180416+AATGTTGC,SAMPLE_IUS_SWID,OCT_010215_Ly_R_PE_519_EX,180501+TGAAGAGA,SAMPLE_IUS_SWID,OCT_010248_Ly_R_PE_536_EX,180501+CGTACGTA,SAMPLE_IUS_SWID,OCT_010248_Ut_P_PE_297_WT,180423+AGATCGCA,SAMPLE_IUS_SWID,OCT_010263_Ly_R_PE_530_EX,180501+ATTCCTTT,SAMPLE_IUS_SWID,OCT_010263_Ov_P_PE_295_WT,180423+AAGAGATC,SAMPLE_IUS_SWID,OCT_010266_Ly_R_PE_524_EX,180501+CGATGTAT,SAMPLE_IUS_SWID,OCT_010266_Ov_P_PE_280_WT,180423+TGACCAAT,SAMPLE_IUS_SWID,OCT_010268_Ov_P_PE_292_WT,180423+CCGTCCCG,SAMPLE_IUS_SWID,OCT_010296_Ut_M_PE_282_WT,180423+ACAGTGAT,SAMPLE_IUS_SWID,OCT_010300_Ln_M_PE_290_WT,180423+CAACCACA,SAMPLE_IUS_SWID,OCT_010300_Ly_R_PE_527_EX,180501+TGGAACAA,SAMPLE_IUS_SWID,OCT_010312_Ly_R_PE_534_EX,180501+CCTCTATC,SAMPLE_IUS_SWID,OCT_010319_Ly_R_PE_530_EX,180501+ACAGATTC,SAMPLE_IUS_SWID,OCT_010341_Ly_R_PE_525_EX,180501+CCAGTTCA,SAMPLE_IUS_SWID,OCT_010343_Ly_R_PE_542_EX,180501+CTAAGGTC,SAMPLE_IUS_SWID,OCT_010343_Om_M_PE_409_EX,180416+TGGCTTCA,SAMPLE_IUS_SWID,OCT_010356_Ly_R_PE_536_EX,180501+CGACACAC,SAMPLE_IUS_SWID,OCT_010356_Ov_P_PE_393_EX,180416+CGACTGGA,SAMPLE_IUS_SWID,OCT_010357_Ly_R_PE_482_EX,180501+CAAGACTA,SAMPLE_IUS_SWID,OCT_010370_Ly_R_PE_550_EX,180501+CCGTGAGA,SAMPLE_IUS_SWID,OCT_010370_Ov_P_PE_371_EX,180416+CCTCCTGA,SAMPLE_IUS_SWID,OCT_010375_Ly_R_PE_494_EX,180501+GTGTTCTA,SAMPLE_IUS_SWID,OCT_010375_Om_M_PE_349_EX,180416+CAATGGAA,SAMPLE_IUS_SWID,OCT_010382_Fa_P_PE_365_EX,180416+TGGTGGTA,SAMPLE_IUS_SWID,OCT_010382_Ly_R_PE_526_EX,180501+AACAACCA,SAMPLE_IUS_SWID,OCT_010384_Ly_R_PE_522_EX,180501+AGCACCTC,SAMPLE_IUS_SWID,OCT_010384_Ov_P_PE_369_EX,180416+CAGCGTTA,SAMPLE_IUS_SWID,OCT_010387_Ce_P_PE_388_EX,180423+AATCCGTC,SAMPLE_IUS_SWID,OCT_010387_Ly_R_PE_504_EX,180501+CAAGGAGC,SAMPLE_IUS_SWID,OCT_010396_Ly_R_PE_538_EX,180501+TAGGATGA,SAMPLE_IUS_SWID,OCT_010396_Ov_P_PE_398_EX,180423+TTCACGCA,SAMPLE_IUS_SWID,OCT_010399_Ly_R_PE_530_EX,180501+AGTGGTCA,SAMPLE_IUS_SWID,OCT_010399_Ut_P_PE_386_EX,180423+CACCTTAC,SAMPLE_IUS_SWID,OCT_010405_Ly_R_PE_526_EX,180501+AAGACGGA,SAMPLE_IUS_SWID,OCT_010406_Ly_R_PE_529_EX,180501+ACAGCAGA,SAMPLE_IUS_SWID,OCT_010406_Om_M_PE_382_EX,180423+ACACAGAA,SAMPLE_IUS_SWID,OCT_010418_Ly_R_PE_526_EX,180501+CATACCAA,SAMPLE_IUS_SWID,OCT_010418_So_M_PE_402_EX,180423+GAACAGGC,SAMPLE_IUS_SWID,OCT_010430_Ly_R_PE_523_EX,180501+TATCAGCA,SAMPLE_IUS_SWID,OCT_010430_Ov_P_PE_407_EX,180423+AACCGAGA,SAMPLE_IUS_SWID,OCT_010433_Ly_R_PE_516_EX,180501+ATAGCGAC,SAMPLE_IUS_SWID,OCT_010433_Ov_P_PE_395_EX,180423+ACAAGCTA,SAMPLE_IUS_SWID,OCT_010436_Ly_R_PE_518_EX,180501+ACGCTCGA,SAMPLE_IUS_SWID,OCT_010436_Om_M_PE_435_EX,180423+CTCAATGA,SAMPLE_IUS_SWID,OCT_010438_Ov_P_PE_307_EX,180423+TCCGTCTA,SAMPLE_IUS_SWID,OCT_010490_Ov_P_PE_412_EX,180423+AGGCTAAC,SAMPLE_IUS_SWID,OCT_010500_So_P_PE_414_EX,180423+CCATCCTC,SAMPLE_IUS_SWID,OCT_010507_Br_P_PE_391_EX,180423+AGATGTAC,SAMPLE_IUS_SWID,OCT_010545_Br_P_PE_311_EX,180423+TCTTCACA,SAMPLE_IUS_SWID,OCT_010550_Pa_P_PE_375_EX,180423+ACGTATCA,SAMPLE_IUS_SWID,OCT_050003_Cr_P_PE_327_EX,180416+GTCTGTCA,SAMPLE_IUS_SWID,OCT_050003_Ly_R_PE_515_EX,180416",
      "manual_output" : "false",
      "memory" : "16384",
      "metadata" : "metadata",
      "mismatches" : "0",
      "output_dir" : "seqware-results",
      "output_prefix" : "./",
      "run_folder" : "/oicr/data/archive/m753/180507_M00753_0046_000000000-D3T43/",
      "use_bases_mask" : "y*,i8n*,y*"
    },
    "files" : [ ]
  } ]
}