{
  "workflowRunCount" : 1,
  "studies" : [ "PCSI" ],
  "sequencerRuns" : [ "180627_D00355_0229_ACCHCEANXX" ],
  "lanes" : [ "180627_D00355_0229_ACCHCEANXX_lane_1" ],
  "samples" : [ "PCSI_0803_nn_T_PE_437_WG" ],
  "workflows" : [ ],
  "processingAlgorithms" : [ ],
  "fileMetaTypes" : [ ],
  "maxInputFiles" : 0,
  "minInputFiles" : 0,
  "totalInputFiles" : 0,
  "maxOutputFileProvenanceRecords" : 2,
  "minOutputFileProvenanceRecords" : 2,
  "totalOutputFileProvenanceRecords" : 2,
  "workflowRuns" : [ {
    "workflowIni" : {
      "called_bases" : "/oicr/data/archive/D00355/180627_D00355_0229_ACCHCEANXX/Data/Intensities/BaseCalls/",
      "flowcell" : "180627_D00355_0229_ACCHCEANXX",
      "intensity_folder" : "/oicr/data/archive/D00355/180627_D00355_0229_ACCHCEANXX/Data/Intensities/",
      "lanes" : "1,LANE_IUS_SWID:NoIndex,SAMPLE_IUS_SWID,PCSI_0803_nn_T_PE_437_WG,526",
      "manual_output" : "false",
      "memory" : "16384",
      "metadata" : "metadata",
      "output_dir" : "seqware-results",
      "output_prefix" : "./"
    },
    "files" : [ ],
    "outputFileProvenanceRecords" : 2
  } ]
}