{
    "workflowRunCount": 1,
    "studies": ["GCONT", "GECCO"],
    "sequencerRuns": ["170627_D00343_0178_ACB0F2ANXX"],
    "lanes": ["170627_D00343_0178_ACB0F2ANXX_lane_8"],
    "samples": ["GCONT_0003_Li_C_PE_255_TS", "GCONT_0004_Li_C_PE_264_TS", "GECCO_3110_Li_P_PE_255_TS", "GECCO_3111_Li_P_PE_255_TS", "GECCO_3112_Li_P_PE_255_TS", "GECCO_3113_Li_P_PE_255_TS", "GECCO_3114_Li_P_PE_255_TS", "GECCO_3115_Li_P_PE_255_TS", "GECCO_3116_Li_P_PE_255_TS", "GECCO_3117_Li_P_PE_255_TS", "GECCO_3118_Li_P_PE_255_TS", "GECCO_3119_Li_P_PE_255_TS", "GECCO_3120_Li_P_PE_255_TS", "GECCO_3121_Li_P_PE_255_TS", "GECCO_3122_Li_P_PE_255_TS", "GECCO_3123_Li_P_PE_255_TS", "GECCO_3124_Li_P_PE_255_TS", "GECCO_3125_Li_P_PE_255_TS", "GECCO_3126_Li_P_PE_255_TS", "GECCO_3127_Li_P_PE_255_TS", "GECCO_3128_Li_P_PE_255_TS", "GECCO_3129_Li_P_PE_255_TS", "GECCO_3130_Li_P_PE_255_TS", "GECCO_3131_Li_P_PE_255_TS", "GECCO_3132_Li_P_PE_255_TS", "GECCO_3133_Li_P_PE_255_TS", "GECCO_3134_Li_P_PE_255_TS", "GECCO_3135_Li_P_PE_255_TS", "GECCO_3136_Li_P_PE_255_TS", "GECCO_3137_Li_P_PE_255_TS", "GECCO_3138_Li_P_PE_255_TS", "GECCO_3139_Li_P_PE_255_TS", "GECCO_3140_Li_P_PE_255_TS", "GECCO_3141_Li_P_PE_255_TS", "GECCO_3142_Li_P_PE_255_TS", "GECCO_3143_Li_P_PE_255_TS", "GECCO_3144_Li_P_PE_255_TS", "GECCO_3145_Li_P_PE_255_TS", "GECCO_3146_Li_P_PE_255_TS", "GECCO_3147_Li_P_PE_255_TS", "GECCO_3148_Li_P_PE_255_TS", "GECCO_3149_Li_P_PE_255_TS", "GECCO_3150_Li_P_PE_255_TS", "GECCO_3151_Li_P_PE_255_TS", "GECCO_3152_Li_P_PE_255_TS", "GECCO_3153_Li_P_PE_255_TS", "GECCO_3154_Li_P_PE_255_TS", "GECCO_3155_Li_P_PE_255_TS", "GECCO_3156_Li_P_PE_255_TS"],
    "workflows": [],
    "processingAlgorithms": [],
    "fileMetaTypes": [],
    "maxInputFiles": 0,
    "minInputFiles": 0,
    "totalInputFiles": 0,
    "workflowRuns": [{
            "workflowIni": {
                "called_bases": "/oicr/data/archive/D00343/170627_D00343_0178_ACB0F2ANXX/Data/Intensities/BaseCalls/",
                "flowcell": "170627_D00343_0178_ACB0F2ANXX",
                "intensity_folder": "/oicr/data/archive/D00343/170627_D00343_0178_ACB0F2ANXX/Data/Intensities/",
                "lanes": "8,LANE_IUS_SWID:GCCAAGAC,SAMPLE_IUS_SWID,GCONT_0003_Li_C_PE_255_TS,98+CTTCTTCA,SAMPLE_IUS_SWID,GCONT_0004_Li_C_PE_264_TS+CAGATCTG,SAMPLE_IUS_SWID,GECCO_3110_Li_P_PE_255_TS+ACAGCAGA,SAMPLE_IUS_SWID,GECCO_3111_Li_P_PE_255_TS+GACTAGTA,SAMPLE_IUS_SWID,GECCO_3112_Li_P_PE_255_TS+CTCAATGA,SAMPLE_IUS_SWID,GECCO_3113_Li_P_PE_255_TS+GGTGCGAA,SAMPLE_IUS_SWID,GECCO_3114_Li_P_PE_255_TS+TGGTGGTA,SAMPLE_IUS_SWID,GECCO_3115_Li_P_PE_255_TS+AGGCTAAC,SAMPLE_IUS_SWID,GECCO_3116_Li_P_PE_255_TS+CTAAGGTC,SAMPLE_IUS_SWID,GECCO_3117_Li_P_PE_255_TS+CATCAAGT,SAMPLE_IUS_SWID,GECCO_3118_Li_P_PE_255_TS+ACCTCCAA,SAMPLE_IUS_SWID,GECCO_3119_Li_P_PE_255_TS+CAATGGAA,SAMPLE_IUS_SWID,GECCO_3120_Li_P_PE_255_TS+CTGAGCCA,SAMPLE_IUS_SWID,GECCO_3121_Li_P_PE_255_TS+GTACGCAA,SAMPLE_IUS_SWID,GECCO_3122_Li_P_PE_255_TS+TTCACGCA,SAMPLE_IUS_SWID,GECCO_3123_Li_P_PE_255_TS+ATAGCGAC,SAMPLE_IUS_SWID,GECCO_3124_Li_P_PE_255_TS+GAACAGGC,SAMPLE_IUS_SWID,GECCO_3125_Li_P_PE_255_TS+CGCTGATC,SAMPLE_IUS_SWID,GECCO_3126_Li_P_PE_255_TS+ACGCTCGA,SAMPLE_IUS_SWID,GECCO_3127_Li_P_PE_255_TS+CACTTCGA,SAMPLE_IUS_SWID,GECCO_3128_Li_P_PE_255_TS+CTGGCATA,SAMPLE_IUS_SWID,GECCO_3129_Li_P_PE_255_TS+GTCGTAGA,SAMPLE_IUS_SWID,GECCO_3130_Li_P_PE_255_TS+AACTCACC,SAMPLE_IUS_SWID,GECCO_3131_Li_P_PE_255_TS+ATCATTCC,SAMPLE_IUS_SWID,GECCO_3132_Li_P_PE_255_TS+GACAGTGC,SAMPLE_IUS_SWID,GECCO_3133_Li_P_PE_255_TS+ACAAGCTA,SAMPLE_IUS_SWID,GECCO_3134_Li_P_PE_255_TS+ACGTATCA,SAMPLE_IUS_SWID,GECCO_3135_Li_P_PE_255_TS+CAGCGTTA,SAMPLE_IUS_SWID,GECCO_3136_Li_P_PE_255_TS+GAATCTGA,SAMPLE_IUS_SWID,GECCO_3137_Li_P_PE_255_TS+GTCTGTCA,SAMPLE_IUS_SWID,GECCO_3138_Li_P_PE_255_TS+AAGAGATC,SAMPLE_IUS_SWID,GECCO_3139_Li_P_PE_255_TS+ATTGGCTC,SAMPLE_IUS_SWID,GECCO_3140_Li_P_PE_255_TS+GAGTTAGC,SAMPLE_IUS_SWID,GECCO_3141_Li_P_PE_255_TS+CTGTAGCC,SAMPLE_IUS_SWID,GECCO_3142_Li_P_PE_255_TS+ACTATGCA,SAMPLE_IUS_SWID,GECCO_3143_Li_P_PE_255_TS+CATACCAA,SAMPLE_IUS_SWID,GECCO_3144_Li_P_PE_255_TS+CAAGACTA,SAMPLE_IUS_SWID,GECCO_3145_Li_P_PE_255_TS+GTGTTCTA,SAMPLE_IUS_SWID,GECCO_3146_Li_P_PE_255_TS+AAGGACAC,SAMPLE_IUS_SWID,GECCO_3147_Li_P_PE_255_TS+CAAGGAGC,SAMPLE_IUS_SWID,GECCO_3148_Li_P_PE_255_TS+GATGAATC,SAMPLE_IUS_SWID,GECCO_3149_Li_P_PE_255_TS+AGTACAAG,SAMPLE_IUS_SWID,GECCO_3150_Li_P_PE_255_TS+AGAGTCAA,SAMPLE_IUS_SWID,GECCO_3151_Li_P_PE_255_TS+CCAGTTCA,SAMPLE_IUS_SWID,GECCO_3152_Li_P_PE_255_TS+GAGCTGAA,SAMPLE_IUS_SWID,GECCO_3153_Li_P_PE_255_TS+TAGGATGA,SAMPLE_IUS_SWID,GECCO_3154_Li_P_PE_255_TS+AATCCGTC,SAMPLE_IUS_SWID,GECCO_3155_Li_P_PE_255_TS+CACCTTAC,SAMPLE_IUS_SWID,GECCO_3156_Li_P_PE_255_TS",
                "manual_output": "false",
                "memory": "16384",
                "metadata": "metadata",
                "output_dir": "seqware-results",
                "output_prefix": "./",
                "use_bases_mask": "y*,i8n*,y*"
            },
            "files": []
        }]
}