{
  "workflowRunCount" : 1,
  "studies" : [ "OCT" ],
  "sequencerRuns" : [ "171128_NB551056_0036_AHVCJKBGX3" ],
  "lanes" : [ "171128_NB551056_0036_AHVCJKBGX3_lane_1" ],
  "samples" : [ "OCT_010412_So_P_PE_292_WT", "OCT_010431_Bn_M_PE_294_WT", "OCT_010446_Ce_P_PE_266_WT", "OCT_010449_Co_P_PE_262_WT", "OCT_010477_Co_M_PE_312_WT" ],
  "workflows" : [ ],
  "processingAlgorithms" : [ ],
  "fileMetaTypes" : [ ],
  "maxInputFiles" : 0,
  "minInputFiles" : 0,
  "totalInputFiles" : 0,
  "maxOutputFileProvenanceRecords" : 6,
  "minOutputFileProvenanceRecords" : 6,
  "totalOutputFileProvenanceRecords" : 6,
  "workflowRuns" : [ {
    "workflowIni" : {
      "called_bases" : "/oicr/data/archive/NB551056/171128_NB551056_0036_AHVCJKBGX3/Data/Intensities/BaseCalls/",
      "flowcell" : "171128_NB551056_0036_AHVCJKBGX3",
      "intensity_folder" : "/oicr/data/archive/NB551056/171128_NB551056_0036_AHVCJKBGX3/Data/Intensities/",
      "lanes" : "1,LANE_IUS_SWID:ATTCCT,SAMPLE_IUS_SWID,OCT_010412_So_P_PE_292_WT,171124+CGATGT,SAMPLE_IUS_SWID,OCT_010431_Bn_M_PE_294_WT,171124+TGACCA,SAMPLE_IUS_SWID,OCT_010446_Ce_P_PE_266_WT,171124+CAGATC,SAMPLE_IUS_SWID,OCT_010449_Co_P_PE_262_WT,171124+CCGTCC,SAMPLE_IUS_SWID,OCT_010477_Co_M_PE_312_WT,171124",
      "manual_output" : "false",
      "memory" : "16384",
      "metadata" : "metadata",
      "no_lane_splitting" : "true",
      "output_dir" : "seqware-results",
      "output_prefix" : "./",
      "run_folder" : "/oicr/data/archive/NB551056/171128_NB551056_0036_AHVCJKBGX3/",
      "use_bases_mask" : "y80,i6n*,y80"
    },
    "files" : [ ],
    "outputFileProvenanceRecords" : 6
  } ]
}