{
  "workflowRunCount" : 8,
  "studies" : [ "CPC-GENE", "PCSI" ],
  "sequencerRuns" : [ "131025_SN802_0145_AC2KVTACXX" ],
  "lanes" : [ "131025_SN802_0145_AC2KVTACXX_lane_1", "131025_SN802_0145_AC2KVTACXX_lane_2", "131025_SN802_0145_AC2KVTACXX_lane_3", "131025_SN802_0145_AC2KVTACXX_lane_4", "131025_SN802_0145_AC2KVTACXX_lane_5", "131025_SN802_0145_AC2KVTACXX_lane_6", "131025_SN802_0145_AC2KVTACXX_lane_7", "131025_SN802_0145_AC2KVTACXX_lane_8" ],
  "samples" : [ "CPCG_0335_Pr_P_PE_583_WG", "PCSI_0231_Pa_P_PE_574_WG", "PCSI_0231_Pa_P_PE_575_WG", "PCSI_0232_Pa_P_PE_593_WG", "PCSI_0274_Pa_P_PE_551_WG", "PCSI_0274_Pa_P_PE_583_WG" ],
  "workflows" : [ ],
  "processingAlgorithms" : [ ],
  "fileMetaTypes" : [ ],
  "maxInputFiles" : 0,
  "minInputFiles" : 0,
  "totalInputFiles" : 0,
  "workflowRuns" : [ {
    "workflowIni" : {
      "called_bases" : "/oicr/data/archive/h802/131025_SN802_0145_AC2KVTACXX/Data/Intensities/BaseCalls/",
      "flowcell" : "131025_SN802_0145_AC2KVTACXX",
      "intensity_folder" : "/oicr/data/archive/h802/131025_SN802_0145_AC2KVTACXX/Data/Intensities/",
      "lanes" : "1,IUS_SWID:NoIndex,IUS_SWID,PCSI_0231_Pa_P_PE_575_WG",
      "manual_output" : "false",
      "memory" : "16384",
      "metadata" : "metadata",
      "output_dir" : "seqware-results",
      "output_prefix" : "./"
    },
    "files" : [ ]
  }, {
    "workflowIni" : {
      "called_bases" : "/oicr/data/archive/h802/131025_SN802_0145_AC2KVTACXX/Data/Intensities/BaseCalls/",
      "flowcell" : "131025_SN802_0145_AC2KVTACXX",
      "intensity_folder" : "/oicr/data/archive/h802/131025_SN802_0145_AC2KVTACXX/Data/Intensities/",
      "lanes" : "2,IUS_SWID:NoIndex,IUS_SWID,PCSI_0232_Pa_P_PE_593_WG",
      "manual_output" : "false",
      "memory" : "16384",
      "metadata" : "metadata",
      "output_dir" : "seqware-results",
      "output_prefix" : "./"
    },
    "files" : [ ]
  }, {
    "workflowIni" : {
      "called_bases" : "/oicr/data/archive/h802/131025_SN802_0145_AC2KVTACXX/Data/Intensities/BaseCalls/",
      "flowcell" : "131025_SN802_0145_AC2KVTACXX",
      "intensity_folder" : "/oicr/data/archive/h802/131025_SN802_0145_AC2KVTACXX/Data/Intensities/",
      "lanes" : "3,IUS_SWID:NoIndex,IUS_SWID,PCSI_0232_Pa_P_PE_593_WG",
      "manual_output" : "false",
      "memory" : "16384",
      "metadata" : "metadata",
      "output_dir" : "seqware-results",
      "output_prefix" : "./"
    },
    "files" : [ ]
  }, {
    "workflowIni" : {
      "called_bases" : "/oicr/data/archive/h802/131025_SN802_0145_AC2KVTACXX/Data/Intensities/BaseCalls/",
      "flowcell" : "131025_SN802_0145_AC2KVTACXX",
      "intensity_folder" : "/oicr/data/archive/h802/131025_SN802_0145_AC2KVTACXX/Data/Intensities/",
      "lanes" : "4,IUS_SWID:NoIndex,IUS_SWID,PCSI_0231_Pa_P_PE_574_WG",
      "manual_output" : "false",
      "memory" : "16384",
      "metadata" : "metadata",
      "output_dir" : "seqware-results",
      "output_prefix" : "./"
    },
    "files" : [ ]
  }, {
    "workflowIni" : {
      "called_bases" : "/oicr/data/archive/h802/131025_SN802_0145_AC2KVTACXX/Data/Intensities/BaseCalls/",
      "flowcell" : "131025_SN802_0145_AC2KVTACXX",
      "intensity_folder" : "/oicr/data/archive/h802/131025_SN802_0145_AC2KVTACXX/Data/Intensities/",
      "lanes" : "5,IUS_SWID:NoIndex,IUS_SWID,PCSI_0274_Pa_P_PE_583_WG",
      "manual_output" : "false",
      "memory" : "16384",
      "metadata" : "metadata",
      "output_dir" : "seqware-results",
      "output_prefix" : "./"
    },
    "files" : [ ]
  }, {
    "workflowIni" : {
      "called_bases" : "/oicr/data/archive/h802/131025_SN802_0145_AC2KVTACXX/Data/Intensities/BaseCalls/",
      "flowcell" : "131025_SN802_0145_AC2KVTACXX",
      "intensity_folder" : "/oicr/data/archive/h802/131025_SN802_0145_AC2KVTACXX/Data/Intensities/",
      "lanes" : "6,IUS_SWID:NoIndex,IUS_SWID,PCSI_0274_Pa_P_PE_583_WG",
      "manual_output" : "false",
      "memory" : "16384",
      "metadata" : "metadata",
      "output_dir" : "seqware-results",
      "output_prefix" : "./"
    },
    "files" : [ ]
  }, {
    "workflowIni" : {
      "called_bases" : "/oicr/data/archive/h802/131025_SN802_0145_AC2KVTACXX/Data/Intensities/BaseCalls/",
      "flowcell" : "131025_SN802_0145_AC2KVTACXX",
      "intensity_folder" : "/oicr/data/archive/h802/131025_SN802_0145_AC2KVTACXX/Data/Intensities/",
      "lanes" : "7,IUS_SWID:NoIndex,IUS_SWID,PCSI_0274_Pa_P_PE_551_WG",
      "manual_output" : "false",
      "memory" : "16384",
      "metadata" : "metadata",
      "output_dir" : "seqware-results",
      "output_prefix" : "./"
    },
    "files" : [ ]
  }, {
    "workflowIni" : {
      "called_bases" : "/oicr/data/archive/h802/131025_SN802_0145_AC2KVTACXX/Data/Intensities/BaseCalls/",
      "flowcell" : "131025_SN802_0145_AC2KVTACXX",
      "intensity_folder" : "/oicr/data/archive/h802/131025_SN802_0145_AC2KVTACXX/Data/Intensities/",
      "lanes" : "8,IUS_SWID:NoIndex,IUS_SWID,CPCG_0335_Pr_P_PE_583_WG",
      "manual_output" : "false",
      "memory" : "16384",
      "metadata" : "metadata",
      "output_dir" : "seqware-results",
      "output_prefix" : "./"
    },
    "files" : [ ]
  } ]
}