{
    "workflowRunCount": 1,
    "studies": ["DXRX"],
    "sequencerRuns": ["180420_E00389_0182_AHKTJLCCXY"],
    "lanes": ["180420_E00389_0182_AHKTJLCCXY_lane_1"],
    "samples": ["DXRX_0030_Pb_P_PE_695_WG", "DXRX_0031_Pb_P_PE_580_WG", "DXRX_0031_Pb_P_PE_592_WG", "DXRX_0032_Pb_P_PE_673_WG"],
    "workflows": [],
    "processingAlgorithms": [],
    "fileMetaTypes": [],
    "maxInputFiles": 0,
    "minInputFiles": 0,
    "totalInputFiles": 0,
    "maxOutputFileProvenanceRecords": 5,
    "minOutputFileProvenanceRecords": 5,
    "totalOutputFileProvenanceRecords": 5,
    "workflowRuns": [{
            "workflowIni": {
                "called_bases": "/.mounts/labs/prod/archive/SickKids_HiSeqX/180420_E00389_0182_AHKTJLCCXY/Data/Intensities/BaseCalls/",
                "flowcell": "180420_E00389_0182_AHKTJLCCXY",
                "intensity_folder": "/.mounts/labs/prod/archive/SickKids_HiSeqX/180420_E00389_0182_AHKTJLCCXY/Data/Intensities/",
                "lanes": "1,LANE_IUS_SWID:CCTGTTGA,SAMPLE_IUS_SWID,DXRX_0030_Pb_P_PE_695_WG,791+GACCGTAG,SAMPLE_IUS_SWID,DXRX_0031_Pb_P_PE_580_WG,391+AACATTAG,SAMPLE_IUS_SWID,DXRX_0031_Pb_P_PE_592_WG,791+CTTCCAAC,SAMPLE_IUS_SWID,DXRX_0032_Pb_P_PE_673_WG,391",
                "manual_output": "false",
                "memory": "16384",
                "metadata": "metadata",
                "output_dir": "seqware-results",
                "output_prefix": "./",
                "use_bases_mask": "y*,i8n*,y*"
            },
            "files": [],
            "outputFileProvenanceRecords": 5
        }]
}